kern:enum:CAP_DEVICE = 64
kern:enum:CAP_EXECUTE = 4
kern:enum:CAP_GRANT = 8
kern:enum:CAP_PERM_ALL = 255
kern:enum:CAP_PROCESS = 128
kern:enum:CAP_QUANTUM = 32
kern:enum:CAP_READ = 1
kern:enum:CAP_REVOKE = 16
kern:enum:CAP_WRITE = 2
kern:errno:RESOLVE_WOULDBLOCK = -11
kern:errno:SYSCALL_EFAULT = -2
kern:errno:SYSCALL_EINVAL = -1
kern:errno:SYSCALL_EIO = -5
kern:errno:SYSCALL_ENOENT = -6
kern:errno:SYSCALL_ENOSYS = -3
kern:errno:SYSCALL_EPERM = -4
kern:errno:WAITPID_RUNNING = 256
kern:num:SYS_AUDIT = 32
kern:num:SYS_CAP_DERIVE = 34
kern:num:SYS_CLOSE = 19
kern:num:SYS_COM2 = 12
kern:num:SYS_CONS = 15
kern:num:SYS_EXIT = 4
kern:num:SYS_FIELD_INFO = 31
kern:num:SYS_FIELD_SNAPSHOT = 14
kern:num:SYS_FWRITE = 23
kern:num:SYS_GETPID = 2
kern:num:SYS_HEARTBEAT = 8
kern:num:SYS_IMPRINT = 29
kern:num:SYS_MANIFEST = 33
kern:num:SYS_OPEN = 17
kern:num:SYS_QPU = 35
kern:num:SYS_QRAND = 10
kern:num:SYS_QSEED = 13
kern:num:SYS_READ = 18
kern:num:SYS_READDIR = 20
kern:num:SYS_RECALL = 30
kern:num:SYS_RECV = 7
kern:num:SYS_RESOLVE = 26
kern:num:SYS_SEND = 6
kern:num:SYS_SEND_TO = 11
kern:num:SYS_SPAWN = 21
kern:num:SYS_SVC_RESTARTS = 9
kern:num:SYS_SYNC = 25
kern:num:SYS_SYSINFO = 16
kern:num:SYS_TCP = 28
kern:num:SYS_TICKS = 5
kern:num:SYS_UDP = 27
kern:num:SYS_UNLINK = 24
kern:num:SYS_WAITPID = 22
kern:num:SYS_WRITE = 1
kern:num:SYS_YIELD = 3
kern:size:cap_derive_req_t = 24
kern:size:qpu_complete_req_t = 140
kern:size:qpu_fetch_out_t = 268
kern:size:qpu_poll_out_t = 140
kern:size:qpu_submit_req_t = 260
kern:size:udp_req_t = 24
kern:subop:AUDIT_OP_READ = 0
kern:subop:AUDIT_OP_STATS = 1
kern:subop:QPU_OP_COMPLETE = 2
kern:subop:QPU_OP_FETCH = 1
kern:subop:QPU_OP_POLL = 3
kern:subop:QPU_OP_SUBMIT = 0
kern:subop:SYSINFO_MEM = 1
kern:subop:SYSINFO_PEER = 4
kern:subop:SYSINFO_PEER_COUNT = 5
kern:subop:SYSINFO_PS = 0
kern:subop:SYSINFO_QUIET = 3
kern:subop:SYSINFO_TIME = 2
kern:subop:SYS_COM2_READ = 0
kern:subop:SYS_COM2_WRITE = 1
kern:subop:SYS_CONS_READ = 0
kern:subop:SYS_CONS_WRITE = 1
kern:subop:TCP_ACCEPT = 6
kern:subop:TCP_CLOSE = 3
kern:subop:TCP_CONNECT = 0
kern:subop:TCP_LISTEN = 5
kern:subop:TCP_RECV = 2
kern:subop:TCP_SEND = 1
kern:subop:TCP_STATUS = 4
kern:subop:UDP_BIND = 0
kern:subop:UDP_CLOSE = 3
kern:subop:UDP_RECVFROM = 2
kern:subop:UDP_SENDTO = 1
user:const:FIELD_PAT_MAX = 64
user:const:FIELD_RANK_MAX = 8
user:const:FIELD_SLOTS = 8
user:const:USER_ARGS_MAX = 8
user:const:USER_ARGS_STRBYTES = 480
user:const:USER_ARGS_VADDR = 1074331648
user:enum:O_CREAT = 2
user:enum:O_RDONLY = 0
user:enum:O_TRUNC = 4
user:enum:O_WRONLY = 1
user:errno:RESOLVE_WOULDBLOCK = -11
user:errno:UDP_WOULDBLOCK = -11
user:errno:WAITPID_RUNNING = 256
user:num:SYS_AUDIT = 32
user:num:SYS_CAP_DERIVE = 34
user:num:SYS_CLOSE = 19
user:num:SYS_COM2 = 12
user:num:SYS_CONS = 15
user:num:SYS_EXIT = 4
user:num:SYS_FIELD_INFO = 31
user:num:SYS_FIELD_SNAPSHOT = 14
user:num:SYS_FWRITE = 23
user:num:SYS_GETPID = 2
user:num:SYS_HEARTBEAT = 8
user:num:SYS_IMPRINT = 29
user:num:SYS_MANIFEST = 33
user:num:SYS_OPEN = 17
user:num:SYS_QPU = 35
user:num:SYS_QRAND = 10
user:num:SYS_QSEED = 13
user:num:SYS_READ = 18
user:num:SYS_READDIR = 20
user:num:SYS_RECALL = 30
user:num:SYS_RECV = 7
user:num:SYS_RESOLVE = 26
user:num:SYS_SEND = 6
user:num:SYS_SEND_TO = 11
user:num:SYS_SPAWN = 21
user:num:SYS_SVC_RESTARTS = 9
user:num:SYS_SYNC = 25
user:num:SYS_SYSINFO = 16
user:num:SYS_TCP = 28
user:num:SYS_TICKS = 5
user:num:SYS_UDP = 27
user:num:SYS_UNLINK = 24
user:num:SYS_WAITPID = 22
user:num:SYS_WRITE = 1
user:num:SYS_YIELD = 3
user:size:cap_derive_req_t = 24
user:size:field_imprint_req_t = 76
user:size:field_info_out_t = 332
user:size:field_recall_out_t = 136
user:size:field_recall_req_t = 76
user:size:field_slot_info_t = 40
user:size:qpu_complete_req_t = 140
user:size:qpu_fetch_out_t = 268
user:size:qpu_poll_out_t = 140
user:size:qpu_submit_req_t = 260
user:size:tcp_req_t = 24
user:size:udp_req_t = 24
user:size:user_args_t = 516
user:subop:AUDIT_OP_READ = 0
user:subop:AUDIT_OP_STATS = 1
user:subop:QPU_OP_COMPLETE = 2
user:subop:QPU_OP_FETCH = 1
user:subop:QPU_OP_POLL = 3
user:subop:QPU_OP_SUBMIT = 0
user:subop:SYSINFO_MEM = 1
user:subop:SYSINFO_PEER = 4
user:subop:SYSINFO_PEER_COUNT = 5
user:subop:SYSINFO_PS = 0
user:subop:SYSINFO_QUIET = 3
user:subop:SYSINFO_TIME = 2
user:subop:SYS_COM2_READ = 0
user:subop:SYS_COM2_WRITE = 1
user:subop:SYS_CONS_READ = 0
user:subop:SYS_CONS_WRITE = 1
user:subop:TCP_ACCEPT = 6
user:subop:TCP_CLOSE = 3
user:subop:TCP_CONNECT = 0
user:subop:TCP_LISTEN = 5
user:subop:TCP_RECV = 2
user:subop:TCP_SEND = 1
user:subop:TCP_STATUS = 4
user:subop:UDP_BIND = 0
user:subop:UDP_CLOSE = 3
user:subop:UDP_RECVFROM = 2
user:subop:UDP_SENDTO = 1
